src/api/client.ts(230,56): error TS2352: Conversion of type 'string[]' to type 'UserRole' may be a mistake because neither type sufficiently overlaps with the other. If this was intentional, convert the expression to 'unknown' first.
src/api/client.ts(516,20): error TS2304: Cannot find name 'api'.
src/api/routes/data.ts(21,7): error TS2552: Cannot find name 'D1Database'. Did you mean 'IDBDatabase'?
src/api/routes/data.ts(22,7): error TS2304: Cannot find name 'KVNamespace'.
src/api/routes/data.ts(31,33): error TS2304: Cannot find name 'D1Database'.
src/api/routes/data.ts(905,31): error TS7006: Parameter 'r' implicitly has an 'any' type.
src/api/routes/data.ts(948,31): error TS7006: Parameter 'r' implicitly has an 'any' type.
src/api/routes/data.ts(1331,26): error TS2304: Cannot find name 'D1Database'.
src/api/routes/data.ts(1399,26): error TS2304: Cannot find name 'D1Database'.
src/api/routes/openai.ts(29,43): error TS2304: Cannot find name 'CloudflareBindings'.
src/api/routes/openai.ts(778,18): error TS2304: Cannot find name 'OPENAI_API_KEY'.
src/api/routes/openai.ts(831,18): error TS2304: Cannot find name 'OPENAI_API_KEY'.
src/api/routes/stats.ts(13,42): error TS2304: Cannot find name 'CloudflareBindings'.
src/api/routes/stats.ts(605,52): error TS2345: Argument of type '"listwise" | "mean_imputation" | "fcs"' is not assignable to parameter of type '"listwise" | "mean_imputation" | undefined'.
  Type '"fcs"' is not assignable to type '"listwise" | "mean_imputation" | undefined'.
src/index.tsx(24,7): error TS2304: Cannot find name 'D1Database'.
src/index.tsx(25,7): error TS2304: Cannot find name 'KVNamespace'.
src/index.tsx(69,34): error TS2345: Argument of type '{ root: string; }' is not assignable to parameter of type 'Omit<ServeStaticOptions<Env>, "namespace">'.
  Property 'manifest' is missing in type '{ root: string; }' but required in type 'Omit<ServeStaticOptions<Env>, "namespace">'.
src/index.tsx(70,34): error TS2345: Argument of type '{ root: string; }' is not assignable to parameter of type 'Omit<ServeStaticOptions<Env>, "namespace">'.
  Property 'manifest' is missing in type '{ root: string; }' but required in type 'Omit<ServeStaticOptions<Env>, "namespace">'.
src/index.tsx(77,26): error TS2345: Argument of type '{ root: string; }' is not assignable to parameter of type 'Omit<ServeStaticOptions<Env>, "namespace">'.
  Property 'manifest' is missing in type '{ root: string; }' but required in type 'Omit<ServeStaticOptions<Env>, "namespace">'.
src/index.tsx(80,26): error TS2345: Argument of type '{ path: string; }' is not assignable to parameter of type 'Omit<ServeStaticOptions<Env>, "namespace">'.
  Property 'manifest' is missing in type '{ path: string; }' but required in type 'Omit<ServeStaticOptions<Env>, "namespace">'.
src/pages/EvaluationResultPage.tsx(41,17): error TS18047: 'score' is possibly 'null'.
src/pages/EvaluationResultPage.tsx(41,42): error TS18047: 'score' is possibly 'null'.
src/pages/EvaluationResultPage.tsx(41,67): error TS18047: 'score' is possibly 'null'.
src/pages/EvaluationResultPage.tsx(44,14): error TS18047: 'score' is possibly 'null'.
src/pages/EvaluationResultPage.tsx(67,27): error TS2345: Argument of type 'number | null' is not assignable to parameter of type 'number'.
  Type 'null' is not assignable to type 'number'.
src/pages/EvaluationResultPage.tsx(308,17): error TS2304: Cannot find name 'score'.
src/pages/EvaluationResultPage.tsx(309,8): error TS2304: Cannot find name 'score'.
src/pages/EvaluationsPage.tsx(86,46): error TS7006: Parameter 'he' implicitly has an 'any' type.
src/pages/GrowthVisualizationPage.tsx(386,7): error TS2552: Cannot find name 'delta'. Did you mean 'fDelta'?
src/pages/InternationalComparisonPage.tsx(89,22): error TS2352: Conversion of type '{ factor: string; key: string; JP: { m: number; sd: number; }; US: { m: number; sd: number; }; DE: { m: number; sd: number; }; NL: { m: number; sd: number; }; }' to type 'Record<string, { m: number; sd: number; }>' may be a mistake because neither type sufficiently overlaps with the other. If this was intentional, convert the expression to 'unknown' first.
  Property 'factor' is incompatible with index signature.
    Type 'string' is not comparable to type '{ m: number; sd: number; }'.
src/pages/InternationalComparisonPage.tsx(311,40): error TS2352: Conversion of type '{ factor: string; key: string; JP: { m: number; sd: number; }; US: { m: number; sd: number; }; DE: { m: number; sd: number; }; NL: { m: number; sd: number; }; }' to type 'Record<string, { m: number; sd: number; }>' may be a mistake because neither type sufficiently overlaps with the other. If this was intentional, convert the expression to 'unknown' first.
  Property 'factor' is incompatible with index signature.
    Type 'string' is not comparable to type '{ m: number; sd: number; }'.
src/pages/JournalDetailPage.tsx(338,42): error TS2322: Type 'number | null' is not assignable to type 'number'.
  Type 'null' is not assignable to type 'number'.
src/pages/JournalDetailPage.tsx(471,32): error TS2322: Type 'number | null' is not assignable to type 'number'.
  Type 'null' is not assignable to type 'number'.
src/pages/JournalWorkflowPage.tsx(554,45): error TS2339: Property 'journal_content' does not exist on type 'EvaluationResult'.
src/pages/LongitudinalAnalysisPage.tsx(154,5): error TS2783: 'week' is specified more than once, so this usage will be overwritten.
src/pages/PlatformAnalyticsPage.tsx(70,16): error TS2769: No overload matches this call.
  Overload 1 of 2, '(props: { component: ElementType<any, keyof IntrinsicElements>; } & GridBaseProps & { sx?: SxProps<Theme> | undefined; } & SystemProps<...> & Omit<...>): Element | null', gave the following error.
    Property 'component' is missing in type '{ children: Element; item: true; xs: number; sm: number; md: number; key: any; }' but required in type '{ component: ElementType<any, keyof IntrinsicElements>; }'.
  Overload 2 of 2, '(props: DefaultComponentProps<GridTypeMap<{}, "div">>): Element | null', gave the following error.
    Type '{ children: Element; item: true; xs: number; sm: number; md: number; key: any; }' is not assignable to type 'IntrinsicAttributes & GridBaseProps & { sx?: SxProps<Theme> | undefined; } & SystemProps<Theme> & Omit<...>'.
      Property 'item' does not exist on type 'IntrinsicAttributes & GridBaseProps & { sx?: SxProps<Theme> | undefined; } & SystemProps<Theme> & Omit<...>'.
src/pages/PlatformAnalyticsPage.tsx(81,14): error TS2769: No overload matches this call.
  Overload 1 of 2, '(props: { component: ElementType<any, keyof IntrinsicElements>; } & GridBaseProps & { sx?: SxProps<Theme> | undefined; } & SystemProps<...> & Omit<...>): Element | null', gave the following error.
    Property 'component' is missing in type '{ children: Element; item: true; xs: number; }' but required in type '{ component: ElementType<any, keyof IntrinsicElements>; }'.
  Overload 2 of 2, '(props: DefaultComponentProps<GridTypeMap<{}, "div">>): Element | null', gave the following error.
    Type '{ children: Element; item: true; xs: number; }' is not assignable to type 'IntrinsicAttributes & GridBaseProps & { sx?: SxProps<Theme> | undefined; } & SystemProps<Theme> & Omit<...>'.
      Property 'item' does not exist on type 'IntrinsicAttributes & GridBaseProps & { sx?: SxProps<Theme> | undefined; } & SystemProps<Theme> & Omit<...>'.
src/pages/PlatformAnalyticsPage.tsx(109,18): error TS2769: No overload matches this call.
  Overload 1 of 2, '(props: { component: ElementType<any, keyof IntrinsicElements>; } & GridBaseProps & { sx?: SxProps<Theme> | undefined; } & SystemProps<...> & Omit<...>): Element | null', gave the following error.
    Property 'component' is missing in type '{ children: Element[]; item: true; xs: number; md: number; }' but required in type '{ component: ElementType<any, keyof IntrinsicElements>; }'.
  Overload 2 of 2, '(props: DefaultComponentProps<GridTypeMap<{}, "div">>): Element | null', gave the following error.
    Type '{ children: Element[]; item: true; xs: number; md: number; }' is not assignable to type 'IntrinsicAttributes & GridBaseProps & { sx?: SxProps<Theme> | undefined; } & SystemProps<Theme> & Omit<...>'.
      Property 'item' does not exist on type 'IntrinsicAttributes & GridBaseProps & { sx?: SxProps<Theme> | undefined; } & SystemProps<Theme> & Omit<...>'.
src/pages/PlatformAnalyticsPage.tsx(116,18): error TS2769: No overload matches this call.
  Overload 1 of 2, '(props: { component: ElementType<any, keyof IntrinsicElements>; } & GridBaseProps & { sx?: SxProps<Theme> | undefined; } & SystemProps<...> & Omit<...>): Element | null', gave the following error.
    Property 'component' is missing in type '{ children: Element; item: true; xs: number; md: number; }' but required in type '{ component: ElementType<any, keyof IntrinsicElements>; }'.
  Overload 2 of 2, '(props: DefaultComponentProps<GridTypeMap<{}, "div">>): Element | null', gave the following error.
    Type '{ children: Element; item: true; xs: number; md: number; }' is not assignable to type 'IntrinsicAttributes & GridBaseProps & { sx?: SxProps<Theme> | undefined; } & SystemProps<Theme> & Omit<...>'.
      Property 'item' does not exist on type 'IntrinsicAttributes & GridBaseProps & { sx?: SxProps<Theme> | undefined; } & SystemProps<Theme> & Omit<...>'.
src/pages/PlatformAnalyticsPage.tsx(147,14): error TS2769: No overload matches this call.
  Overload 1 of 2, '(props: { component: ElementType<any, keyof IntrinsicElements>; } & GridBaseProps & { sx?: SxProps<Theme> | undefined; } & SystemProps<...> & Omit<...>): Element | null', gave the following error.
    Property 'component' is missing in type '{ children: Element; item: true; xs: number; md: number; }' but required in type '{ component: ElementType<any, keyof IntrinsicElements>; }'.
  Overload 2 of 2, '(props: DefaultComponentProps<GridTypeMap<{}, "div">>): Element | null', gave the following error.
    Type '{ children: Element; item: true; xs: number; md: number; }' is not assignable to type 'IntrinsicAttributes & GridBaseProps & { sx?: SxProps<Theme> | undefined; } & SystemProps<Theme> & Omit<...>'.
      Property 'item' does not exist on type 'IntrinsicAttributes & GridBaseProps & { sx?: SxProps<Theme> | undefined; } & SystemProps<Theme> & Omit<...>'.
src/pages/PlatformAnalyticsPage.tsx(166,14): error TS2769: No overload matches this call.
  Overload 1 of 2, '(props: { component: ElementType<any, keyof IntrinsicElements>; } & GridBaseProps & { sx?: SxProps<Theme> | undefined; } & SystemProps<...> & Omit<...>): Element | null', gave the following error.
    Property 'component' is missing in type '{ children: Element; item: true; xs: number; md: number; }' but required in type '{ component: ElementType<any, keyof IntrinsicElements>; }'.
  Overload 2 of 2, '(props: DefaultComponentProps<GridTypeMap<{}, "div">>): Element | null', gave the following error.
    Type '{ children: Element; item: true; xs: number; md: number; }' is not assignable to type 'IntrinsicAttributes & GridBaseProps & { sx?: SxProps<Theme> | undefined; } & SystemProps<Theme> & Omit<...>'.
      Property 'item' does not exist on type 'IntrinsicAttributes & GridBaseProps & { sx?: SxProps<Theme> | undefined; } & SystemProps<Theme> & Omit<...>'.
src/pages/PlatformAnalyticsPage.tsx(183,14): error TS2769: No overload matches this call.
  Overload 1 of 2, '(props: { component: ElementType<any, keyof IntrinsicElements>; } & GridBaseProps & { sx?: SxProps<Theme> | undefined; } & SystemProps<...> & Omit<...>): Element | null', gave the following error.
    Property 'component' is missing in type '{ children: Element; item: true; xs: number; }' but required in type '{ component: ElementType<any, keyof IntrinsicElements>; }'.
  Overload 2 of 2, '(props: DefaultComponentProps<GridTypeMap<{}, "div">>): Element | null', gave the following error.
    Type '{ children: Element; item: true; xs: number; }' is not assignable to type 'IntrinsicAttributes & GridBaseProps & { sx?: SxProps<Theme> | undefined; } & SystemProps<Theme> & Omit<...>'.
      Property 'item' does not exist on type 'IntrinsicAttributes & GridBaseProps & { sx?: SxProps<Theme> | undefined; } & SystemProps<Theme> & Omit<...>'.
src/pages/ReliabilityAnalysisPage.tsx(101,7): error TS7034: Variable 'allEvals' implicitly has type 'any[]' in some locations where its type cannot be determined.
src/pages/ReliabilityAnalysisPage.tsx(149,20): error TS7005: Variable 'allEvals' implicitly has an 'any[]' type.
src/pages/ReliabilityAnalysisPage.tsx(227,43): error TS7006: Parameter 'p' implicitly has an 'any' type.
src/pages/SCATAnalysisPage.tsx(180,16): error TS2352: Conversion of type 'ScatRow' to type 'Record<string, unknown>' may be a mistake because neither type sufficiently overlaps with the other. If this was intentional, convert the expression to 'unknown' first.
  Index signature for type 'string' is missing in type 'ScatRow'.
src/renderer.tsx(3,37): error TS2345: Argument of type '({ children }: PropsWithChildren<{ Layout: FC; }>) => Element' is not assignable to parameter of type 'ComponentWithChildren'.
  Type 'Element' is not assignable to type 'HtmlEscapedString | Promise<HtmlEscapedString>'.
src/renderer.tsx(9,13): error TS2322: Type 'Child' is not assignable to type 'ReactNode'.
  Type 'JSXNode' is not assignable to type 'ReactNode'.
    Type 'JSXNode' is not assignable to type 'ReactPortal'.
      Types of property 'children' are incompatible.
        Type 'Child[]' is not assignable to type 'ReactNode'.
          Type 'Child[]' is not assignable to type 'Iterable<ReactNode>'.
            The types returned by '[Symbol.iterator]().next(...)' are incompatible between these types.
              Type 'IteratorResult<Child, undefined>' is not assignable to type 'IteratorResult<ReactNode, any>'.
                Type 'IteratorYieldResult<Child>' is not assignable to type 'IteratorResult<ReactNode, any>'.
